Copyright 1986-2020 Xilinx, Inc. All Rights Reserved.
--------------------------------------------------------------------------------------
| Tool Version : Vivado v.2020.2 (win64) Build 3064766 Wed Nov 18 09:12:45 MST 2020
| Date         : Thu Oct  8 20:39:03 2026
| Host         : DESKTOP-B4U18T1 running 64-bit major release  (build 9200)
| Command      : report_timing_summary -file Z:/Phase3/build/reports/timing_synth.rpt
| Design       : phase3_fft_top
| Device       : 7z020-clg400
| Speed File   : -2  PRODUCTION 1.12 2019-11-22
--------------------------------------------------------------------------------------

Timing Summary Report

------------------------------------------------------------------------------------------------
| Timer Settings
| --------------
------------------------------------------------------------------------------------------------

  Enable Multi Corner Analysis               :  Yes
  Enable Pessimism Removal                   :  Yes
  Pessimism Removal Resolution               :  Nearest Common Node
  Enable Input Delay Default Clock           :  No
  Enable Preset / Clear Arcs                 :  No
  Disable Flight Delays                      :  No
  Ignore I/O Paths                           :  No
  Timing Early Launch at Borrowing Latches   :  No
  Borrow Time for Max Delay Exceptions       :  Yes
  Merge Timing Exceptions                    :  Yes

  Corner  Analyze    Analyze    
  Name    Max Paths  Min Paths  
  ------  ---------  ---------  
  Slow    Yes        Yes        
  Fast    Yes        Yes        



check_timing report

Table of Contents
-----------------
1. checking no_clock (0)
2. checking constant_clock (0)
3. checking pulse_width_clock (0)
4. checking unconstrained_internal_endpoints (0)
5. checking no_input_delay (143)
6. checking no_output_delay (278)
7. checking multiple_clock (0)
8. checking generated_clocks (0)
9. checking loops (0)
10. checking partial_input_delay (0)
11. checking partial_output_delay (0)
12. checking latch_loops (0)

1. checking no_clock (0)
------------------------
 There are 0 register/latch pins with no clock.


2. checking constant_clock (0)
------------------------------
 There are 0 register/latch pins with constant_clock.


3. checking pulse_width_clock (0)
---------------------------------
 There are 0 register/latch pins which need pulse_width check


4. checking unconstrained_internal_endpoints (0)
------------------------------------------------
 There are 0 pins that are not constrained for maximum delay.

 There are 0 pins that are not constrained for maximum delay due to constant clock.


5. checking no_input_delay (143)
--------------------------------
 There are 143 input ports with no input delay specified. (HIGH)

 There are 0 input ports with no input delay but user has a false path constraint.


6. checking no_output_delay (278)
---------------------------------
 There are 278 ports with no output delay specified. (HIGH)

 There are 0 ports with no output delay but user has a false path constraint

 There are 0 ports with no output delay but with a timing clock defined on it or propagating through it


7. checking multiple_clock (0)
------------------------------
 There are 0 register/latch pins with multiple clocks.


8. checking generated_clocks (0)
--------------------------------
 There are 0 generated clocks that are not connected to a clock source.


9. checking loops (0)
---------------------
 There are 0 combinational loops in the design.


10. checking partial_input_delay (0)
------------------------------------
 There are 0 input ports with partial input delay specified.


11. checking partial_output_delay (0)
-------------------------------------
 There are 0 ports with partial output delay specified.


12. checking latch_loops (0)
----------------------------
 There are 0 combinational latch loops in the design through latch input



------------------------------------------------------------------------------------------------
| Design Timing Summary
| ---------------------
------------------------------------------------------------------------------------------------

    WNS(ns)      TNS(ns)  TNS Failing Endpoints  TNS Total Endpoints      WHS(ns)      THS(ns)  THS Failing Endpoints  THS Total Endpoints     WPWS(ns)     TPWS(ns)  TPWS Failing Endpoints  TPWS Total Endpoints  
    -------      -------  ---------------------  -------------------      -------      -------  ---------------------  -------------------     --------     --------  ----------------------  --------------------  
      5.576        0.000                      0                21177        0.166        0.000                      0                21177        3.870        0.000                       0                  8683  


All user specified timing constraints are met.


------------------------------------------------------------------------------------------------
| Clock Summary
| -------------
------------------------------------------------------------------------------------------------

Clock    Waveform(ns)       Period(ns)      Frequency(MHz)
-----    ------------       ----------      --------------
dsp_clk  {0.000 5.000}      10.000          100.000         


------------------------------------------------------------------------------------------------
| Intra Clock Table
| -----------------
------------------------------------------------------------------------------------------------

Clock             WNS(ns)      TNS(ns)  TNS Failing Endpoints  TNS Total Endpoints      WHS(ns)      THS(ns)  THS Failing Endpoints  THS Total Endpoints     WPWS(ns)     TPWS(ns)  TPWS Failing Endpoints  TPWS Total Endpoints  
-----             -------      -------  ---------------------  -------------------      -------      -------  ---------------------  -------------------     --------     --------  ----------------------  --------------------  
dsp_clk             5.576        0.000                      0                21177        0.166        0.000                      0                21177        3.870        0.000                       0                  8683  


------------------------------------------------------------------------------------------------
| Inter Clock Table
| -----------------
------------------------------------------------------------------------------------------------

From Clock    To Clock          WNS(ns)      TNS(ns)  TNS Failing Endpoints  TNS Total Endpoints      WHS(ns)      THS(ns)  THS Failing Endpoints  THS Total Endpoints  
----------    --------          -------      -------  ---------------------  -------------------      -------      -------  ---------------------  -------------------  


------------------------------------------------------------------------------------------------
| Other Path Groups Table
| -----------------------
------------------------------------------------------------------------------------------------

Path Group    From Clock    To Clock          WNS(ns)      TNS(ns)  TNS Failing Endpoints  TNS Total Endpoints      WHS(ns)      THS(ns)  THS Failing Endpoints  THS Total Endpoints  
----------    ----------    --------          -------      -------  ---------------------  -------------------      -------      -------  ---------------------  -------------------  


------------------------------------------------------------------------------------------------
| Timing Details
| --------------
------------------------------------------------------------------------------------------------


---------------------------------------------------------------------------------------------------
From Clock:  dsp_clk
  To Clock:  dsp_clk

Setup :            0  Failing Endpoints,  Worst Slack        5.576ns,  Total Violation        0.000ns
Hold  :            0  Failing Endpoints,  Worst Slack        0.166ns,  Total Violation        0.000ns
PW    :            0  Failing Endpoints,  Worst Slack        3.870ns,  Total Violation        0.000ns
---------------------------------------------------------------------------------------------------


Max Delay Paths
--------------------------------------------------------------------------------------
Slack (MET) :             5.576ns  (required time - arrival time)
  Source:                 m_calibration_reg[4]/C
                            (rising edge-triggered cell FDRE clocked by dsp_clk  {rise@0.000ns fall@5.000ns period=10.000ns})
  Destination:            state_reg[0]/D
                            (rising edge-triggered cell FDRE clocked by dsp_clk  {rise@0.000ns fall@5.000ns period=10.000ns})
  Path Group:             dsp_clk
  Path Type:              Setup (Max at Slow Process Corner)
  Requirement:            10.000ns  (dsp_clk rise@10.000ns - dsp_clk rise@0.000ns)
  Data Path Delay:        4.421ns  (logic 2.124ns (48.043%)  route 2.297ns (51.957%))
  Logic Levels:           12  (CARRY4=8 LUT5=1 LUT6=3)
  Clock Path Skew:        -0.039ns (DCD - SCD + CPR)
    Destination Clock Delay (DCD):    0.748ns = ( 10.748 - 10.000 ) 
    Source Clock Delay      (SCD):    0.787ns
    Clock Pessimism Removal (CPR):    0.000ns
  Clock Uncertainty:      0.035ns  ((TSJ^2 + TIJ^2)^1/2 + DJ) / 2 + PE
    Total System Jitter     (TSJ):    0.071ns
    Total Input Jitter      (TIJ):    0.000ns
    Discrete Jitter          (DJ):    0.000ns
    Phase Error              (PE):    0.000ns

    Location             Delay type                Incr(ns)  Path(ns)    Netlist Resource(s)
  -------------------------------------------------------------------    -------------------
                         (clock dsp_clk rise edge)    0.000     0.000 r  
                                                      0.000     0.000 r  clk (IN)
                         net (fo=8682, unset)         0.787     0.787    clk
                         FDRE                                         r  m_calibration_reg[4]/C
  -------------------------------------------------------------------    -------------------
                         FDRE (Prop_fdre_C_Q)         0.433     1.220 r  m_calibration_reg[4]/Q
                         net (fo=1, unplaced)         0.779     1.999    m_calibration[4]
                         LUT6 (Prop_lut6_I0_O)        0.232     2.231 r  fault[0]_i_47/O
                         net (fo=1, unplaced)         0.000     2.231    fault[0]_i_47_n_0
                         CARRY4 (Prop_carry4_S[1]_CO[3])
                                                      0.444     2.675 r  fault_reg[0]_i_40/CO[3]
                         net (fo=1, unplaced)         0.008     2.683    fault_reg[0]_i_40_n_0
                         CARRY4 (Prop_carry4_CI_CO[3])
                                                      0.100     2.783 r  fault_reg[0]_i_35/CO[3]
                         net (fo=1, unplaced)         0.000     2.783    fault_reg[0]_i_35_n_0
                         CARRY4 (Prop_carry4_CI_CO[3])
                                                      0.100     2.883 r  fault_reg[0]_i_30/CO[3]
                         net (fo=1, unplaced)         0.000     2.883    fault_reg[0]_i_30_n_0
                         CARRY4 (Prop_carry4_CI_CO[3])
                                                      0.100     2.983 r  fault_reg[0]_i_25/CO[3]
                         net (fo=1, unplaced)         0.000     2.983    fault_reg[0]_i_25_n_0
                         CARRY4 (Prop_carry4_CI_CO[3])
                                                      0.100     3.083 r  fault_reg[0]_i_20/CO[3]
                         net (fo=1, unplaced)         0.000     3.083    fault_reg[0]_i_20_n_0
                         CARRY4 (Prop_carry4_CI_CO[3])
                                                      0.100     3.183 r  fault_reg[0]_i_15/CO[3]
                         net (fo=1, unplaced)         0.000     3.183    fault_reg[0]_i_15_n_0
                         CARRY4 (Prop_carry4_CI_CO[3])
                                                      0.100     3.283 r  fault_reg[0]_i_10/CO[3]
                         net (fo=1, unplaced)         0.000     3.283    fault_reg[0]_i_10_n_0
                         CARRY4 (Prop_carry4_CI_CO[3])
                                                      0.100     3.383 r  fault_reg[0]_i_5/CO[3]
                         net (fo=1, unplaced)         0.770     4.153    fault_reg[0]_i_5_n_0
                         LUT5 (Prop_lut5_I3_O)        0.105     4.258 f  fault[0]_i_2/O
                         net (fo=5, unplaced)         0.375     4.633    fault[0]_i_2_n_0
                         LUT6 (Prop_lut6_I1_O)        0.105     4.738 r  state[2]_i_4/O
                         net (fo=3, unplaced)         0.365     5.103    state[2]_i_4_n_0
                         LUT6 (Prop_lut6_I3_O)        0.105     5.208 r  state[0]_i_1/O
                         net (fo=1, unplaced)         0.000     5.208    state[0]_i_1_n_0
                         FDRE                                         r  state_reg[0]/D
  -------------------------------------------------------------------    -------------------

                         (clock dsp_clk rise edge)   10.000    10.000 r  
                                                      0.000    10.000 r  clk (IN)
                         net (fo=8682, unset)         0.748    10.748    clk
                         FDRE                                         r  state_reg[0]/C
                         clock pessimism              0.000    10.748    
                         clock uncertainty           -0.035    10.712    
                         FDRE (Setup_fdre_C_D)        0.072    10.784    state_reg[0]
  -------------------------------------------------------------------
                         required time                         10.784    
                         arrival time                          -5.208    
  -------------------------------------------------------------------
                         slack                                  5.576    





Min Delay Paths
--------------------------------------------------------------------------------------
Slack (MET) :             0.166ns  (arrival time - required time)
  Source:                 fft_i/U0/i_synth/axi_wrapper/data_out_channel/gen_non_real_time.fifo/fifo0/fifo_2_reg[1]/C
                            (rising edge-triggered cell FDRE clocked by dsp_clk  {rise@0.000ns fall@5.000ns period=10.000ns})
  Destination:            i_bins_reg_0_15_0_5/RAMA/I
                            (rising edge-triggered cell RAMD32 clocked by dsp_clk  {rise@0.000ns fall@5.000ns period=10.000ns})
  Path Group:             dsp_clk
  Path Type:              Hold (Min at Fast Process Corner)
  Requirement:            0.000ns  (dsp_clk rise@0.000ns - dsp_clk rise@0.000ns)
  Data Path Delay:        0.280ns  (logic 0.148ns (52.780%)  route 0.132ns (47.220%))
  Logic Levels:           0  
  Clock Path Skew:        0.021ns (DCD - SCD - CPR)
    Destination Clock Delay (DCD):    0.411ns
    Source Clock Delay      (SCD):    0.390ns
    Clock Pessimism Removal (CPR):    -0.000ns

    Location             Delay type                Incr(ns)  Path(ns)    Netlist Resource(s)
  -------------------------------------------------------------------    -------------------
                         (clock dsp_clk rise edge)    0.000     0.000 r  
                                                      0.000     0.000 r  clk (IN)
                         net (fo=8682, unset)         0.390     0.390    fft_i/U0/i_synth/axi_wrapper/data_out_channel/gen_non_real_time.fifo/fifo0/aclk
                         FDRE                                         r  fft_i/U0/i_synth/axi_wrapper/data_out_channel/gen_non_real_time.fifo/fifo0/fifo_2_reg[1]/C
  -------------------------------------------------------------------    -------------------
                         FDRE (Prop_fdre_C_Q)         0.148     0.538 r  fft_i/U0/i_synth/axi_wrapper/data_out_channel/gen_non_real_time.fifo/fifo0/fifo_2_reg[1]/Q
                         net (fo=2, unplaced)         0.132     0.671    i_bins_reg_0_15_0_5/DIA0
                         RAMD32                                       r  i_bins_reg_0_15_0_5/RAMA/I
  -------------------------------------------------------------------    -------------------

                         (clock dsp_clk rise edge)    0.000     0.000 r  
                                                      0.000     0.000 r  clk (IN)
                         net (fo=8682, unset)         0.411     0.411    i_bins_reg_0_15_0_5/WCLK
                         RAMD32                                       r  i_bins_reg_0_15_0_5/RAMA/CLK
                         clock pessimism              0.000     0.411    
                         RAMD32 (Hold_ramd32_CLK_I)
                                                      0.094     0.505    i_bins_reg_0_15_0_5/RAMA
  -------------------------------------------------------------------
                         required time                         -0.505    
                         arrival time                           0.671    
  -------------------------------------------------------------------
                         slack                                  0.166    





Pulse Width Checks
--------------------------------------------------------------------------------------
Clock Name:         dsp_clk
Waveform(ns):       { 0.000 5.000 }
Period(ns):         10.000
Sources:            { clk }

Check Type        Corner  Lib Pin             Reference Pin  Required(ns)  Actual(ns)  Slack(ns)  Location  Pin
Min Period        n/a     RAMB36E1/CLKARDCLK  n/a            2.472         10.000      7.528                samples_reg_0/CLKARDCLK
Low Pulse Width   Slow    RAMD32/CLK          n/a            1.130         5.000       3.870                i_bins_reg_0_15_0_5/RAMA/CLK
High Pulse Width  Slow    RAMD32/CLK          n/a            1.130         5.000       3.870                i_bins_reg_0_15_0_5/RAMA/CLK



