Copyright 1986-2020 Xilinx, Inc. All Rights Reserved.
--------------------------------------------------------------------------------------
| Tool Version : Vivado v.2020.2 (win64) Build 3064766 Wed Nov 18 09:12:45 MST 2020
| Date         : Thu Oct  8 22:47:18 2026
| Host         : DESKTOP-B4U18T1 running 64-bit major release  (build 9200)
| Command      : report_timing_summary -file Z:/Phase4/build/reports/timing_synth.rpt
| Design       : phase4_polar_top
| Device       : 7z020-clg400
| Speed File   : -2  PRODUCTION 1.12 2019-11-22
--------------------------------------------------------------------------------------

Timing Summary Report

------------------------------------------------------------------------------------------------
| Timer Settings
| --------------
------------------------------------------------------------------------------------------------

  Enable Multi Corner Analysis               :  Yes
  Enable Pessimism Removal                   :  Yes
  Pessimism Removal Resolution               :  Nearest Common Node
  Enable Input Delay Default Clock           :  No
  Enable Preset / Clear Arcs                 :  No
  Disable Flight Delays                      :  No
  Ignore I/O Paths                           :  No
  Timing Early Launch at Borrowing Latches   :  No
  Borrow Time for Max Delay Exceptions       :  Yes
  Merge Timing Exceptions                    :  Yes

  Corner  Analyze    Analyze    
  Name    Max Paths  Min Paths  
  ------  ---------  ---------  
  Slow    Yes        Yes        
  Fast    Yes        Yes        



check_timing report

Table of Contents
-----------------
1. checking no_clock (0)
2. checking constant_clock (0)
3. checking pulse_width_clock (0)
4. checking unconstrained_internal_endpoints (0)
5. checking no_input_delay (243)
6. checking no_output_delay (409)
7. checking multiple_clock (0)
8. checking generated_clocks (0)
9. checking loops (0)
10. checking partial_input_delay (0)
11. checking partial_output_delay (0)
12. checking latch_loops (0)

1. checking no_clock (0)
------------------------
 There are 0 register/latch pins with no clock.


2. checking constant_clock (0)
------------------------------
 There are 0 register/latch pins with constant_clock.


3. checking pulse_width_clock (0)
---------------------------------
 There are 0 register/latch pins which need pulse_width check


4. checking unconstrained_internal_endpoints (0)
------------------------------------------------
 There are 0 pins that are not constrained for maximum delay.

 There are 0 pins that are not constrained for maximum delay due to constant clock.


5. checking no_input_delay (243)
--------------------------------
 There are 243 input ports with no input delay specified. (HIGH)

 There are 0 input ports with no input delay but user has a false path constraint.


6. checking no_output_delay (409)
---------------------------------
 There are 409 ports with no output delay specified. (HIGH)

 There are 0 ports with no output delay but user has a false path constraint

 There are 0 ports with no output delay but with a timing clock defined on it or propagating through it


7. checking multiple_clock (0)
------------------------------
 There are 0 register/latch pins with multiple clocks.


8. checking generated_clocks (0)
--------------------------------
 There are 0 generated clocks that are not connected to a clock source.


9. checking loops (0)
---------------------
 There are 0 combinational loops in the design.


10. checking partial_input_delay (0)
------------------------------------
 There are 0 input ports with partial input delay specified.


11. checking partial_output_delay (0)
-------------------------------------
 There are 0 ports with partial output delay specified.


12. checking latch_loops (0)
----------------------------
 There are 0 combinational latch loops in the design through latch input



------------------------------------------------------------------------------------------------
| Design Timing Summary
| ---------------------
------------------------------------------------------------------------------------------------

    WNS(ns)      TNS(ns)  TNS Failing Endpoints  TNS Total Endpoints      WHS(ns)      THS(ns)  THS Failing Endpoints  THS Total Endpoints     WPWS(ns)     TPWS(ns)  TPWS Failing Endpoints  TPWS Total Endpoints  
    -------      -------  ---------------------  -------------------      -------      -------  ---------------------  -------------------     --------     --------  ----------------------  --------------------  
      3.036        0.000                      0                 6922        0.158        0.000                      0                 6922        3.870        0.000                       0                  2433  


All user specified timing constraints are met.


------------------------------------------------------------------------------------------------
| Clock Summary
| -------------
------------------------------------------------------------------------------------------------

Clock    Waveform(ns)       Period(ns)      Frequency(MHz)
-----    ------------       ----------      --------------
dsp_clk  {0.000 5.000}      10.000          100.000         


------------------------------------------------------------------------------------------------
| Intra Clock Table
| -----------------
------------------------------------------------------------------------------------------------

Clock             WNS(ns)      TNS(ns)  TNS Failing Endpoints  TNS Total Endpoints      WHS(ns)      THS(ns)  THS Failing Endpoints  THS Total Endpoints     WPWS(ns)     TPWS(ns)  TPWS Failing Endpoints  TPWS Total Endpoints  
-----             -------      -------  ---------------------  -------------------      -------      -------  ---------------------  -------------------     --------     --------  ----------------------  --------------------  
dsp_clk             3.036        0.000                      0                 6922        0.158        0.000                      0                 6922        3.870        0.000                       0                  2433  


------------------------------------------------------------------------------------------------
| Inter Clock Table
| -----------------
------------------------------------------------------------------------------------------------

From Clock    To Clock          WNS(ns)      TNS(ns)  TNS Failing Endpoints  TNS Total Endpoints      WHS(ns)      THS(ns)  THS Failing Endpoints  THS Total Endpoints  
----------    --------          -------      -------  ---------------------  -------------------      -------      -------  ---------------------  -------------------  


------------------------------------------------------------------------------------------------
| Other Path Groups Table
| -----------------------
------------------------------------------------------------------------------------------------

Path Group    From Clock    To Clock          WNS(ns)      TNS(ns)  TNS Failing Endpoints  TNS Total Endpoints      WHS(ns)      THS(ns)  THS Failing Endpoints  THS Total Endpoints  
----------    ----------    --------          -------      -------  ---------------------  -------------------      -------      -------  ---------------------  -------------------  


------------------------------------------------------------------------------------------------
| Timing Details
| --------------
------------------------------------------------------------------------------------------------


---------------------------------------------------------------------------------------------------
From Clock:  dsp_clk
  To Clock:  dsp_clk

Setup :            0  Failing Endpoints,  Worst Slack        3.036ns,  Total Violation        0.000ns
Hold  :            0  Failing Endpoints,  Worst Slack        0.158ns,  Total Violation        0.000ns
PW    :            0  Failing Endpoints,  Worst Slack        3.870ns,  Total Violation        0.000ns
---------------------------------------------------------------------------------------------------


Max Delay Paths
--------------------------------------------------------------------------------------
Slack (MET) :             3.036ns  (required time - arrival time)
  Source:                 work_slot_reg[0]/C
                            (rising edge-triggered cell FDRE clocked by dsp_clk  {rise@0.000ns fall@5.000ns period=10.000ns})
  Destination:            abs_peak_reg[10]/D
                            (rising edge-triggered cell FDRE clocked by dsp_clk  {rise@0.000ns fall@5.000ns period=10.000ns})
  Path Group:             dsp_clk
  Path Type:              Setup (Max at Slow Process Corner)
  Requirement:            10.000ns  (dsp_clk rise@10.000ns - dsp_clk rise@0.000ns)
  Data Path Delay:        6.961ns  (logic 2.875ns (41.302%)  route 4.086ns (58.698%))
  Logic Levels:           13  (CARRY4=8 LUT3=1 LUT5=1 LUT6=2 RAMD32=1)
  Clock Path Skew:        -0.039ns (DCD - SCD + CPR)
    Destination Clock Delay (DCD):    0.748ns = ( 10.748 - 10.000 ) 
    Source Clock Delay      (SCD):    0.787ns
    Clock Pessimism Removal (CPR):    0.000ns
  Clock Uncertainty:      0.035ns  ((TSJ^2 + TIJ^2)^1/2 + DJ) / 2 + PE
    Total System Jitter     (TSJ):    0.071ns
    Total Input Jitter      (TIJ):    0.000ns
    Discrete Jitter          (DJ):    0.000ns
    Phase Error              (PE):    0.000ns

    Location             Delay type                Incr(ns)  Path(ns)    Netlist Resource(s)
  -------------------------------------------------------------------    -------------------
                         (clock dsp_clk rise edge)    0.000     0.000 r  
                                                      0.000     0.000 r  clk (IN)
                         net (fo=2432, unset)         0.787     0.787    clk
                         FDRE                                         r  work_slot_reg[0]/C
  -------------------------------------------------------------------    -------------------
                         FDRE (Prop_fdre_C_Q)         0.433     1.220 r  work_slot_reg[0]/Q
                         net (fo=141, unplaced)       0.887     2.107    raw_reg_r2_0_15_0_5/ADDRA0
                         RAMD32 (Prop_ramd32_RADR0_O)
                                                      0.245     2.352 f  raw_reg_r2_0_15_0_5/RAMA/O
                         net (fo=5, unplaced)         0.610     2.962    x0[0]
                         LUT3 (Prop_lut3_I0_O)        0.105     3.067 r  abs_peak[4]_i_11/O
                         net (fo=1, unplaced)         0.258     3.325    abs_peak[4]_i_11_n_0
                         CARRY4 (Prop_carry4_CYINIT_CO[3])
                                                      0.494     3.819 r  abs_peak_reg[4]_i_5/CO[3]
                         net (fo=1, unplaced)         0.008     3.827    abs_peak_reg[4]_i_5_n_0
                         CARRY4 (Prop_carry4_CI_CO[3])
                                                      0.100     3.927 r  abs_peak_reg[8]_i_5/CO[3]
                         net (fo=1, unplaced)         0.000     3.927    abs_peak_reg[8]_i_5_n_0
                         CARRY4 (Prop_carry4_CI_CO[3])
                                                      0.100     4.027 r  abs_peak_reg[12]_i_5/CO[3]
                         net (fo=1, unplaced)         0.000     4.027    abs_peak_reg[12]_i_5_n_0
                         CARRY4 (Prop_carry4_CI_CO[3])
                                                      0.100     4.127 r  abs_peak_reg[16]_i_5/CO[3]
                         net (fo=1, unplaced)         0.000     4.127    abs_peak_reg[16]_i_5_n_0
                         CARRY4 (Prop_carry4_CI_CO[3])
                                                      0.100     4.227 r  abs_peak_reg[20]_i_5/CO[3]
                         net (fo=1, unplaced)         0.000     4.227    abs_peak_reg[20]_i_5_n_0
                         CARRY4 (Prop_carry4_CI_CO[3])
                                                      0.100     4.327 r  abs_peak_reg[24]_i_5/CO[3]
                         net (fo=1, unplaced)         0.000     4.327    abs_peak_reg[24]_i_5_n_0
                         CARRY4 (Prop_carry4_CI_O[2])
                                                      0.214     4.541 r  abs_peak_reg[27]_i_8/O[2]
                         net (fo=1, unplaced)         0.349     4.890    abs_x0[27]
                         LUT6 (Prop_lut6_I0_O)        0.244     5.134 r  abs_peak[27]_i_3/O
                         net (fo=3, unplaced)         0.600     5.734    abs_peak[27]_i_3_n_0
                         LUT6 (Prop_lut6_I0_O)        0.105     5.839 r  abs_peak[27]_i_12/O
                         net (fo=1, unplaced)         0.537     6.376    abs_peak[27]_i_12_n_0
                         CARRY4 (Prop_carry4_DI[1]_CO[3])
                                                      0.430     6.806 r  abs_peak_reg[27]_i_4/CO[3]
                         net (fo=27, unplaced)        0.837     7.643    max_abs1
                         LUT5 (Prop_lut5_I1_O)        0.105     7.748 r  abs_peak[10]_i_1/O
                         net (fo=1, unplaced)         0.000     7.748    max_abs[10]
                         FDRE                                         r  abs_peak_reg[10]/D
  -------------------------------------------------------------------    -------------------

                         (clock dsp_clk rise edge)   10.000    10.000 r  
                                                      0.000    10.000 r  clk (IN)
                         net (fo=2432, unset)         0.748    10.748    clk
                         FDRE                                         r  abs_peak_reg[10]/C
                         clock pessimism              0.000    10.748    
                         clock uncertainty           -0.035    10.712    
                         FDRE (Setup_fdre_C_D)        0.072    10.784    abs_peak_reg[10]
  -------------------------------------------------------------------
                         required time                         10.784    
                         arrival time                          -7.748    
  -------------------------------------------------------------------
                         slack                                  3.036    





Min Delay Paths
--------------------------------------------------------------------------------------
Slack (MET) :             0.158ns  (arrival time - required time)
  Source:                 cordic_i/U0/i_synth/i_synth/gen_cordic.output_stage/gen_x_out.round/gen_nearest_even.adder/inst/i_baseblox.i_baseblox_addsub/no_pipelining.the_addsub/i_lut6.i_lut6_addsub/i_q.i_simple.qreg/i_no_async_controls.output_reg[6]/C
                            (rising edge-triggered cell FDRE clocked by dsp_clk  {rise@0.000ns fall@5.000ns period=10.000ns})
  Destination:            cordic_i/U0/i_synth/i_outfifo.i_output_fifo/fifo0/fifo_1_reg[63][0]_srl32/D
                            (rising edge-triggered cell SRLC32E clocked by dsp_clk  {rise@0.000ns fall@5.000ns period=10.000ns})
  Path Group:             dsp_clk
  Path Type:              Hold (Min at Fast Process Corner)
  Requirement:            0.000ns  (dsp_clk rise@0.000ns - dsp_clk rise@0.000ns)
  Data Path Delay:        0.309ns  (logic 0.164ns (53.108%)  route 0.145ns (46.892%))
  Logic Levels:           0  
  Clock Path Skew:        0.021ns (DCD - SCD - CPR)
    Destination Clock Delay (DCD):    0.411ns
    Source Clock Delay      (SCD):    0.390ns
    Clock Pessimism Removal (CPR):    -0.000ns

    Location             Delay type                Incr(ns)  Path(ns)    Netlist Resource(s)
  -------------------------------------------------------------------    -------------------
                         (clock dsp_clk rise edge)    0.000     0.000 r  
                                                      0.000     0.000 r  clk (IN)
                         net (fo=2432, unset)         0.390     0.390    cordic_i/U0/i_synth/i_synth/gen_cordic.output_stage/gen_x_out.round/gen_nearest_even.adder/inst/i_baseblox.i_baseblox_addsub/no_pipelining.the_addsub/i_lut6.i_lut6_addsub/i_q.i_simple.qreg/CLK
                         FDRE                                         r  cordic_i/U0/i_synth/i_synth/gen_cordic.output_stage/gen_x_out.round/gen_nearest_even.adder/inst/i_baseblox.i_baseblox_addsub/no_pipelining.the_addsub/i_lut6.i_lut6_addsub/i_q.i_simple.qreg/i_no_async_controls.output_reg[6]/C
  -------------------------------------------------------------------    -------------------
                         FDRE (Prop_fdre_C_Q)         0.164     0.554 r  cordic_i/U0/i_synth/i_synth/gen_cordic.output_stage/gen_x_out.round/gen_nearest_even.adder/inst/i_baseblox.i_baseblox_addsub/no_pipelining.the_addsub/i_lut6.i_lut6_addsub/i_q.i_simple.qreg/i_no_async_controls.output_reg[6]/Q
                         net (fo=1, unplaced)         0.145     0.699    cordic_i/U0/i_synth/i_outfifo.i_output_fifo/fifo0/wr_data[0]
                         SRLC32E                                      r  cordic_i/U0/i_synth/i_outfifo.i_output_fifo/fifo0/fifo_1_reg[63][0]_srl32/D
  -------------------------------------------------------------------    -------------------

                         (clock dsp_clk rise edge)    0.000     0.000 r  
                                                      0.000     0.000 r  clk (IN)
                         net (fo=2432, unset)         0.411     0.411    cordic_i/U0/i_synth/i_outfifo.i_output_fifo/fifo0/aclk
                         SRLC32E                                      r  cordic_i/U0/i_synth/i_outfifo.i_output_fifo/fifo0/fifo_1_reg[63][0]_srl32/CLK
                         clock pessimism              0.000     0.411    
                         SRLC32E (Hold_srlc32e_CLK_D)
                                                      0.130     0.541    cordic_i/U0/i_synth/i_outfifo.i_output_fifo/fifo0/fifo_1_reg[63][0]_srl32
  -------------------------------------------------------------------
                         required time                         -0.541    
                         arrival time                           0.699    
  -------------------------------------------------------------------
                         slack                                  0.158    





Pulse Width Checks
--------------------------------------------------------------------------------------
Clock Name:         dsp_clk
Waveform(ns):       { 0.000 5.000 }
Period(ns):         10.000
Sources:            { clk }

Check Type        Corner  Lib Pin     Reference Pin  Required(ns)  Actual(ns)  Slack(ns)  Location  Pin
Min Period        n/a     FDRE/C      n/a            1.000         10.000      9.000                cordic_i/U0/i_synth/i_has_input_skid.i_2to1/gen_has_z_tready.reg1_a_tdata_reg[22]/C
Low Pulse Width   Slow    RAMD32/CLK  n/a            1.130         5.000       3.870                polar_reg_0_15_24_24/DP/CLK
High Pulse Width  Slow    RAMD32/CLK  n/a            1.130         5.000       3.870                polar_reg_0_15_24_24/DP/CLK



