Copyright 1986-2020 Xilinx, Inc. All Rights Reserved.
------------------------------------------------------------------------------------
| Tool Version : Vivado v.2020.2 (win64) Build 3064766 Wed Nov 18 09:12:45 MST 2020
| Date         : Mon Sep 28 21:19:27 2026
| Host         : DESKTOP-B4U18T1 running 64-bit major release  (build 9200)
| Command      : report_clocks -file Z:/build/reports/clocks_synth.rpt
| Design       : phase1_dac_top
| Device       : 7z020-clg400
| Speed File   : -2  PRODUCTION 1.12 2019-11-22
------------------------------------------------------------------------------------

Clock Report


Attributes
  P: Propagated
  G: Generated
  A: Auto-derived
  R: Renamed
  V: Virtual
  I: Inverted
  S: Pin phase-shifted with Latency mode

Clock         Period(ns)  Waveform(ns)    Attributes  Sources
ref_clk       20.000      {0.000 10.000}  P           {ref_clk}
dac_forward   97.656      {0.000 48.828}  P,G         {dac_clk}
feedback_raw  20.000      {0.000 10.000}  P,G,A       {clock_i/mmcm_i/CLKFBOUT}
sample_raw    97.656      {0.000 48.828}  P,G,A       {clock_i/mmcm_i/CLKOUT0}


====================================================
Generated Clocks
====================================================

Generated Clock     : dac_forward
Master Source       : dac_i/forward_clock_i/C
Master Clock        : sample_raw
Divide By           : 1
Generated Sources   : {dac_clk}

Generated Clock     : feedback_raw
Master Source       : clock_i/mmcm_i/CLKIN1
Master Clock        : ref_clk
Multiply By         : 1
Generated Sources   : {clock_i/mmcm_i/CLKFBOUT}

Generated Clock     : sample_raw
Master Source       : clock_i/mmcm_i/CLKIN1
Master Clock        : ref_clk
Edges               : {1 2 3}
Edge Shifts(ns)     : {0.000 38.828 77.656}
Generated Sources   : {clock_i/mmcm_i/CLKOUT0}



====================================================
User Uncertainty
====================================================



====================================================
User Jitter
====================================================


