Copyright 1986-2020 Xilinx, Inc. All Rights Reserved.
--------------------------------------------------------------------------------------
| Tool Version : Vivado v.2020.2 (win64) Build 3064766 Wed Nov 18 09:12:45 MST 2020
| Date         : Fri Oct  9 16:14:56 2026
| Host         : DESKTOP-B4U18T1 running 64-bit major release  (build 9200)
| Command      : report_timing_summary -file Z:/Phase5/build/reports/timing_synth.rpt
| Design       : phase5_scan_top
| Device       : 7z020-clg400
| Speed File   : -2  PRODUCTION 1.12 2019-11-22
--------------------------------------------------------------------------------------

Timing Summary Report

------------------------------------------------------------------------------------------------
| Timer Settings
| --------------
------------------------------------------------------------------------------------------------

  Enable Multi Corner Analysis               :  Yes
  Enable Pessimism Removal                   :  Yes
  Pessimism Removal Resolution               :  Nearest Common Node
  Enable Input Delay Default Clock           :  No
  Enable Preset / Clear Arcs                 :  No
  Disable Flight Delays                      :  No
  Ignore I/O Paths                           :  No
  Timing Early Launch at Borrowing Latches   :  No
  Borrow Time for Max Delay Exceptions       :  Yes
  Merge Timing Exceptions                    :  Yes

  Corner  Analyze    Analyze    
  Name    Max Paths  Min Paths  
  ------  ---------  ---------  
  Slow    Yes        Yes        
  Fast    Yes        Yes        



check_timing report

Table of Contents
-----------------
1. checking no_clock (0)
2. checking constant_clock (0)
3. checking pulse_width_clock (0)
4. checking unconstrained_internal_endpoints (0)
5. checking no_input_delay (143)
6. checking no_output_delay (212)
7. checking multiple_clock (0)
8. checking generated_clocks (0)
9. checking loops (0)
10. checking partial_input_delay (0)
11. checking partial_output_delay (0)
12. checking latch_loops (0)

1. checking no_clock (0)
------------------------
 There are 0 register/latch pins with no clock.


2. checking constant_clock (0)
------------------------------
 There are 0 register/latch pins with constant_clock.


3. checking pulse_width_clock (0)
---------------------------------
 There are 0 register/latch pins which need pulse_width check


4. checking unconstrained_internal_endpoints (0)
------------------------------------------------
 There are 0 pins that are not constrained for maximum delay.

 There are 0 pins that are not constrained for maximum delay due to constant clock.


5. checking no_input_delay (143)
--------------------------------
 There are 143 input ports with no input delay specified. (HIGH)

 There are 0 input ports with no input delay but user has a false path constraint.


6. checking no_output_delay (212)
---------------------------------
 There are 212 ports with no output delay specified. (HIGH)

 There are 0 ports with no output delay but user has a false path constraint

 There are 0 ports with no output delay but with a timing clock defined on it or propagating through it


7. checking multiple_clock (0)
------------------------------
 There are 0 register/latch pins with multiple clocks.


8. checking generated_clocks (0)
--------------------------------
 There are 0 generated clocks that are not connected to a clock source.


9. checking loops (0)
---------------------
 There are 0 combinational loops in the design.


10. checking partial_input_delay (0)
------------------------------------
 There are 0 input ports with partial input delay specified.


11. checking partial_output_delay (0)
-------------------------------------
 There are 0 ports with partial output delay specified.


12. checking latch_loops (0)
----------------------------
 There are 0 combinational latch loops in the design through latch input



------------------------------------------------------------------------------------------------
| Design Timing Summary
| ---------------------
------------------------------------------------------------------------------------------------

    WNS(ns)      TNS(ns)  TNS Failing Endpoints  TNS Total Endpoints      WHS(ns)      THS(ns)  THS Failing Endpoints  THS Total Endpoints     WPWS(ns)     TPWS(ns)  TPWS Failing Endpoints  TPWS Total Endpoints  
    -------      -------  ---------------------  -------------------      -------      -------  ---------------------  -------------------     --------     --------  ----------------------  --------------------  
      4.376        0.000                      0                  527        0.246        0.000                      0                  527        4.500        0.000                       0                   328  


All user specified timing constraints are met.


------------------------------------------------------------------------------------------------
| Clock Summary
| -------------
------------------------------------------------------------------------------------------------

Clock    Waveform(ns)       Period(ns)      Frequency(MHz)
-----    ------------       ----------      --------------
dsp_clk  {0.000 5.000}      10.000          100.000         


------------------------------------------------------------------------------------------------
| Intra Clock Table
| -----------------
------------------------------------------------------------------------------------------------

Clock             WNS(ns)      TNS(ns)  TNS Failing Endpoints  TNS Total Endpoints      WHS(ns)      THS(ns)  THS Failing Endpoints  THS Total Endpoints     WPWS(ns)     TPWS(ns)  TPWS Failing Endpoints  TPWS Total Endpoints  
-----             -------      -------  ---------------------  -------------------      -------      -------  ---------------------  -------------------     --------     --------  ----------------------  --------------------  
dsp_clk             4.376        0.000                      0                  527        0.246        0.000                      0                  527        4.500        0.000                       0                   328  


------------------------------------------------------------------------------------------------
| Inter Clock Table
| -----------------
------------------------------------------------------------------------------------------------

From Clock    To Clock          WNS(ns)      TNS(ns)  TNS Failing Endpoints  TNS Total Endpoints      WHS(ns)      THS(ns)  THS Failing Endpoints  THS Total Endpoints  
----------    --------          -------      -------  ---------------------  -------------------      -------      -------  ---------------------  -------------------  


------------------------------------------------------------------------------------------------
| Other Path Groups Table
| -----------------------
------------------------------------------------------------------------------------------------

Path Group    From Clock    To Clock          WNS(ns)      TNS(ns)  TNS Failing Endpoints  TNS Total Endpoints      WHS(ns)      THS(ns)  THS Failing Endpoints  THS Total Endpoints  
----------    ----------    --------          -------      -------  ---------------------  -------------------      -------      -------  ---------------------  -------------------  


------------------------------------------------------------------------------------------------
| Timing Details
| --------------
------------------------------------------------------------------------------------------------


---------------------------------------------------------------------------------------------------
From Clock:  dsp_clk
  To Clock:  dsp_clk

Setup :            0  Failing Endpoints,  Worst Slack        4.376ns,  Total Violation        0.000ns
Hold  :            0  Failing Endpoints,  Worst Slack        0.246ns,  Total Violation        0.000ns
PW    :            0  Failing Endpoints,  Worst Slack        4.500ns,  Total Violation        0.000ns
---------------------------------------------------------------------------------------------------


Max Delay Paths
--------------------------------------------------------------------------------------
Slack (MET) :             4.376ns  (required time - arrival time)
  Source:                 capture_base_reg[4]/C
                            (rising edge-triggered cell FDRE clocked by dsp_clk  {rise@0.000ns fall@5.000ns period=10.000ns})
  Destination:            ip_reg[0]/CE
                            (rising edge-triggered cell FDSE clocked by dsp_clk  {rise@0.000ns fall@5.000ns period=10.000ns})
  Path Group:             dsp_clk
  Path Type:              Setup (Max at Slow Process Corner)
  Requirement:            10.000ns  (dsp_clk rise@10.000ns - dsp_clk rise@0.000ns)
  Data Path Delay:        5.413ns  (logic 2.771ns (51.192%)  route 2.642ns (48.808%))
  Logic Levels:           11  (CARRY4=8 LUT5=1 LUT6=2)
  Clock Path Skew:        -0.039ns (DCD - SCD + CPR)
    Destination Clock Delay (DCD):    0.748ns = ( 10.748 - 10.000 ) 
    Source Clock Delay      (SCD):    0.787ns
    Clock Pessimism Removal (CPR):    0.000ns
  Clock Uncertainty:      0.035ns  ((TSJ^2 + TIJ^2)^1/2 + DJ) / 2 + PE
    Total System Jitter     (TSJ):    0.071ns
    Total Input Jitter      (TIJ):    0.000ns
    Discrete Jitter          (DJ):    0.000ns
    Phase Error              (PE):    0.000ns

    Location             Delay type                Incr(ns)  Path(ns)    Netlist Resource(s)
  -------------------------------------------------------------------    -------------------
                         (clock dsp_clk rise edge)    0.000     0.000 r  
                                                      0.000     0.000 r  clk (IN)
                         net (fo=327, unset)          0.787     0.787    clk
                         FDRE                                         r  capture_base_reg[4]/C
  -------------------------------------------------------------------    -------------------
                         FDRE (Prop_fdre_C_Q)         0.433     1.220 r  capture_base_reg[4]/Q
                         net (fo=2, unplaced)         0.829     2.049    capture_base[4]
                         CARRY4 (Prop_carry4_S[3]_CO[3])
                                                      0.546     2.595 r  measurement_index_reg[9]_i_39/CO[3]
                         net (fo=1, unplaced)         0.008     2.603    measurement_index_reg[9]_i_39_n_0
                         CARRY4 (Prop_carry4_CI_CO[3])
                                                      0.100     2.703 r  measurement_index_reg[9]_i_38/CO[3]
                         net (fo=1, unplaced)         0.000     2.703    measurement_index_reg[9]_i_38_n_0
                         CARRY4 (Prop_carry4_CI_CO[3])
                                                      0.100     2.803 r  measurement_index_reg[9]_i_37/CO[3]
                         net (fo=1, unplaced)         0.000     2.803    measurement_index_reg[9]_i_37_n_0
                         CARRY4 (Prop_carry4_CI_CO[3])
                                                      0.100     2.903 r  measurement_index_reg[9]_i_36/CO[3]
                         net (fo=1, unplaced)         0.000     2.903    measurement_index_reg[9]_i_36_n_0
                         CARRY4 (Prop_carry4_CI_CO[3])
                                                      0.100     3.003 r  measurement_index_reg[9]_i_35/CO[3]
                         net (fo=1, unplaced)         0.000     3.003    measurement_index_reg[9]_i_35_n_0
                         CARRY4 (Prop_carry4_CI_CO[3])
                                                      0.100     3.103 r  measurement_index_reg[9]_i_26/CO[3]
                         net (fo=1, unplaced)         0.000     3.103    measurement_index_reg[9]_i_26_n_0
                         CARRY4 (Prop_carry4_CI_O[2])
                                                      0.214     3.317 r  measurement_index_reg[9]_i_25/O[2]
                         net (fo=1, unplaced)         0.584     3.901    state2[27]
                         LUT6 (Prop_lut6_I2_O)        0.244     4.145 r  measurement_index[9]_i_12/O
                         net (fo=1, unplaced)         0.000     4.145    measurement_index[9]_i_12_n_0
                         CARRY4 (Prop_carry4_S[1]_CO[2])
                                                      0.477     4.622 f  measurement_index_reg[9]_i_4/CO[2]
                         net (fo=6, unplaced)         0.381     5.003    data40
                         LUT6 (Prop_lut6_I2_O)        0.252     5.255 r  measurement_index[9]_i_1/O
                         net (fo=44, unplaced)        0.426     5.681    measurement_index[9]_i_1_n_0
                         LUT5 (Prop_lut5_I4_O)        0.105     5.786 r  ip[5]_i_1/O
                         net (fo=12, unplaced)        0.414     6.200    ip[5]_i_1_n_0
                         FDSE                                         r  ip_reg[0]/CE
  -------------------------------------------------------------------    -------------------

                         (clock dsp_clk rise edge)   10.000    10.000 r  
                                                      0.000    10.000 r  clk (IN)
                         net (fo=327, unset)          0.748    10.748    clk
                         FDSE                                         r  ip_reg[0]/C
                         clock pessimism              0.000    10.748    
                         clock uncertainty           -0.035    10.712    
                         FDSE (Setup_fdse_C_CE)      -0.136    10.576    ip_reg[0]
  -------------------------------------------------------------------
                         required time                         10.576    
                         arrival time                          -6.200    
  -------------------------------------------------------------------
                         slack                                  4.376    





Min Delay Paths
--------------------------------------------------------------------------------------
Slack (MET) :             0.246ns  (arrival time - required time)
  Source:                 measurements_completed_reg[0]/C
                            (rising edge-triggered cell FDRE clocked by dsp_clk  {rise@0.000ns fall@5.000ns period=10.000ns})
  Destination:            measurements_completed_reg[0]/D
                            (rising edge-triggered cell FDRE clocked by dsp_clk  {rise@0.000ns fall@5.000ns period=10.000ns})
  Path Group:             dsp_clk
  Path Type:              Hold (Min at Fast Process Corner)
  Requirement:            0.000ns  (dsp_clk rise@0.000ns - dsp_clk rise@0.000ns)
  Data Path Delay:        0.386ns  (logic 0.262ns (67.793%)  route 0.124ns (32.207%))
  Logic Levels:           1  (LUT2=1)
  Clock Path Skew:        0.021ns (DCD - SCD - CPR)
    Destination Clock Delay (DCD):    0.411ns
    Source Clock Delay      (SCD):    0.390ns
    Clock Pessimism Removal (CPR):    -0.000ns

    Location             Delay type                Incr(ns)  Path(ns)    Netlist Resource(s)
  -------------------------------------------------------------------    -------------------
                         (clock dsp_clk rise edge)    0.000     0.000 r  
                                                      0.000     0.000 r  clk (IN)
                         net (fo=327, unset)          0.390     0.390    clk
                         FDRE                                         r  measurements_completed_reg[0]/C
  -------------------------------------------------------------------    -------------------
                         FDRE (Prop_fdre_C_Q)         0.164     0.554 f  measurements_completed_reg[0]/Q
                         net (fo=2, unplaced)         0.124     0.679    measurements_completed[0]
                         LUT2 (Prop_lut2_I1_O)        0.098     0.777 r  measurements_completed[0]_i_1/O
                         net (fo=1, unplaced)         0.000     0.777    measurements_completed[0]_i_1_n_0
                         FDRE                                         r  measurements_completed_reg[0]/D
  -------------------------------------------------------------------    -------------------

                         (clock dsp_clk rise edge)    0.000     0.000 r  
                                                      0.000     0.000 r  clk (IN)
                         net (fo=327, unset)          0.411     0.411    clk
                         FDRE                                         r  measurements_completed_reg[0]/C
                         clock pessimism              0.000     0.411    
                         FDRE (Hold_fdre_C_D)         0.120     0.531    measurements_completed_reg[0]
  -------------------------------------------------------------------
                         required time                         -0.531    
                         arrival time                           0.777    
  -------------------------------------------------------------------
                         slack                                  0.246    





Pulse Width Checks
--------------------------------------------------------------------------------------
Clock Name:         dsp_clk
Waveform(ns):       { 0.000 5.000 }
Period(ns):         10.000
Sources:            { clk }

Check Type        Corner  Lib Pin  Reference Pin  Required(ns)  Actual(ns)  Slack(ns)  Location  Pin
Min Period        n/a     FDRE/C   n/a            1.000         10.000      9.000                busy_reg/C
Low Pulse Width   Slow    FDRE/C   n/a            0.500         5.000       4.500                busy_reg/C
High Pulse Width  Slow    FDRE/C   n/a            0.500         5.000       4.500                busy_reg/C



